// Vitest Snapshot v1, https://vitest.dev/guide/snapshot.html

exports[`Preview 1`] = `
<u-details>
  <u-summary
    aria-expanded="false"
    role="button"
    slot="summary"
    tabindex="0"
  >
    Fagskole
  </u-summary>
  <div>
    Fagskoler kan tilby både etter- og videreutdanning. Fagskoler er praksisrettede og har tette bånd til arbeidslivet, og kan tilby utdanninger på særlig fagspesifikke tema.
  </div>
</u-details>
`;
