// Vitest Snapshot v1, https://vitest.dev/guide/snapshot.html

exports[`Preview 1`] = `
<div data-size="auto">
  <div>
    <button
      data-state="active"
      data-variant="default"
      aria-current="step"
    >
      <div>
      </div>
      Infoside
    </button>
    <details
      data-state="idle"
      open
    >
      <summary>
        <span>
          Seksjon
        </span>
      </summary>
      <button
        data-state="idle"
        data-variant="default"
      >
        <div>
        </div>
        Første steg
      </button>
      <button
        data-state="idle"
        data-variant="default"
      >
        <div>
        </div>
        Andre steg
      </button>
    </details>
  </div>
</div>
`;
