// Vitest Snapshot v1, https://vitest.dev/guide/snapshot.html

exports[`Form Story 1`] = `
<div>
  <div data-size="sm">
    <fieldset>
      <legend data-weight="medium">
        Størrelse
        <code data-size="xs">
          (data-size)
        </code>
      </legend>
      <div
        role="radiogroup"
        tabindex="0"
      >
        <button
          data-variant="primary"
          type="button"
          value="sm"
          id="togglegroup-item-:r2:"
          aria-checked="true"
          aria-current="true"
          role="radio"
          name="togglegroup-name-:r0:"
          data-roving-tabindex-item="true"
          tabindex="0"
        >
          sm
        </button>
        <button
          data-variant="tertiary"
          type="button"
          value="md"
          id="togglegroup-item-:r4:"
          aria-checked="false"
          aria-current="false"
          role="radio"
          name="togglegroup-name-:r0:"
          data-roving-tabindex-item="true"
          tabindex="-1"
        >
          md
        </button>
        <button
          data-variant="tertiary"
          type="button"
          value="lg"
          id="togglegroup-item-:r6:"
          aria-checked="false"
          aria-current="false"
          role="radio"
          name="togglegroup-name-:r0:"
          data-roving-tabindex-item="true"
          tabindex="-1"
        >
          lg
        </button>
      </div>
    </fieldset>
    <fieldset>
      <legend data-weight="medium">
        Fargemodus
        <code data-size="xs">
          (data-color-scheme)
        </code>
      </legend>
      <div
        role="radiogroup"
        tabindex="0"
      >
        <button
          data-variant="tertiary"
          type="button"
          value="light"
          id="togglegroup-item-:r9:"
          aria-checked="false"
          aria-current="false"
          role="radio"
          name="togglegroup-name-:r7:"
          data-roving-tabindex-item="true"
          tabindex="-1"
        >
          light
        </button>
        <button
          data-variant="tertiary"
          type="button"
          value="dark"
          id="togglegroup-item-:rb:"
          aria-checked="false"
          aria-current="false"
          role="radio"
          name="togglegroup-name-:r7:"
          data-roving-tabindex-item="true"
          tabindex="-1"
        >
          dark
        </button>
        <button
          data-variant="primary"
          type="button"
          value="auto"
          id="togglegroup-item-:rd:"
          aria-checked="true"
          aria-current="true"
          role="radio"
          name="togglegroup-name-:r7:"
          data-roving-tabindex-item="true"
          tabindex="0"
        >
          auto
        </button>
      </div>
    </fieldset>
  </div>
  <div
    data-size="sm"
    data-color-scheme="auto"
  >
    <h1 data-size="md">
      Skjema
    </h1>
    <div data-color="info">
      Ditt svar i skjemaet lagres automatisk, så du kan fortsette på et senere tidspunkt.
    </div>
    <form>
      <h2 data-size="sm">
        Personinformasjon
      </h2>
      <div>
        <label
          data-weight="medium"
          for="firstName"
        >
          Fornavn
        </label>
        <div>
          <input
            type="text"
            id="firstName"
            name="firstName"
          >
        </div>
      </div>
      <div>
        <label
          data-weight="medium"
          for="lastName"
        >
          Etternavn
        </label>
        <input
          type="text"
          id="lastName"
          name="lastName"
          aria-invalid="false"
        >
      </div>
      <div>
        <label
          data-weight="medium"
          for="county"
        >
          Fylke
        </label>
        <div>
          <input
            type="text"
            list=":rg:"
            placeholder
            id="county"
            name="county"
            aria-invalid="false"
            value
            popovertarget=":rg:"
            aria-autocomplete="list"
            aria-controls=":rg:"
            aria-expanded="false"
            autocomplete="off"
            role="combobox"
          >
          <button
            data-icon="true"
            data-variant="tertiary"
            type="reset"
            aria-label="Tøm"
          >
          </button>
          <u-datalist
            data-sr-singular="%d forslag"
            data-sr-plural="%d forslag"
            id=":rg:"
            hidden
            role="listbox"
            tabindex="-1"
          >
            <u-option
              data-empty="true"
              role="none"
              tabindex="-1"
              aria-disabled="false"
              aria-selected="false"
            >
              Ingen resultater
            </u-option>
            <u-option
              value="Oslo"
              tabindex="-1"
              role="option"
              aria-disabled="false"
              aria-selected="false"
            >
              Oslo
              <div>
                Fylke
              </div>
            </u-option>
            <u-option
              value="Viken"
              tabindex="-1"
              role="option"
              aria-disabled="false"
              aria-selected="false"
            >
              Viken
              <div>
                Fylke
              </div>
            </u-option>
            <u-option
              value="Innlandet"
              tabindex="-1"
              role="option"
              aria-disabled="false"
              aria-selected="false"
            >
              Innlandet
              <div>
                Fylke
              </div>
            </u-option>
            <u-option
              value="Vestfold og Telemark"
              tabindex="-1"
              role="option"
              aria-disabled="false"
              aria-selected="false"
            >
              Vestfold og Telemark
              <div>
                Fylke
              </div>
            </u-option>
            <u-option
              value="Agder"
              tabindex="-1"
              role="option"
              aria-disabled="false"
              aria-selected="false"
            >
              Agder
              <div>
                Fylke
              </div>
            </u-option>
            <u-option
              value="Rogaland"
              tabindex="-1"
              role="option"
              aria-disabled="false"
              aria-selected="false"
            >
              Rogaland
              <div>
                Fylke
              </div>
            </u-option>
            <u-option
              value="Vestland"
              tabindex="-1"
              role="option"
              aria-disabled="false"
              aria-selected="false"
            >
              Vestland
              <div>
                Fylke
              </div>
            </u-option>
            <u-option
              value="Møre og Romsdal"
              tabindex="-1"
              role="option"
              aria-disabled="false"
              aria-selected="false"
            >
              Møre og Romsdal
              <div>
                Fylke
              </div>
            </u-option>
            <u-option
              value="Trøndelag"
              tabindex="-1"
              role="option"
              aria-disabled="false"
              aria-selected="false"
            >
              Trøndelag
              <div>
                Fylke
              </div>
            </u-option>
            <u-option
              value="Nordland"
              tabindex="-1"
              role="option"
              aria-disabled="false"
              aria-selected="false"
            >
              Nordland
              <div>
                Fylke
              </div>
            </u-option>
            <u-option
              value="Troms og Finnmark"
              tabindex="-1"
              role="option"
              aria-disabled="false"
              aria-selected="false"
            >
              Troms og Finnmark
              <div>
                Fylke
              </div>
            </u-option>
          </u-datalist>
        </div>
      </div>
      <fieldset id="educationLevel">
        <legend data-weight="medium">
          Utdanningsnivå
        </legend>
        <div>
          <input
            type="radio"
            id="radio-kindergarten"
            name="radio-group"
            value="kindergarten"
          >
          <label
            data-weight="regular"
            for="radio-kindergarten"
          >
            Barnehage
          </label>
        </div>
        <div>
          <input
            type="radio"
            id="radio-primary"
            name="radio-group"
            value="primary"
          >
          <label
            data-weight="regular"
            for="radio-primary"
          >
            Grunnskole
          </label>
        </div>
        <div>
          <input
            type="radio"
            id="radio-secondary"
            name="radio-group"
            value="secondary"
          >
          <label
            data-weight="regular"
            for="radio-secondary"
          >
            Videregående
          </label>
        </div>
        <div>
          <input
            type="radio"
            id="radio-higher"
            name="radio-group"
            value="higher"
          >
          <label
            data-weight="regular"
            for="radio-higher"
          >
            Høyere utdanning
          </label>
        </div>
        <p
          data-field="validation"
          hidden
          id=":re:"
        >
        </p>
      </fieldset>
      <div>
        <label
          data-weight="medium"
          for="ageGroup"
        >
          Aldersgruppe
        </label>
        <select
          id="ageGroup"
          aria-label="Velg aldersgruppe"
          name="ageGroup"
          aria-invalid="false"
        >
          <option
            value="blank"
            disabled
            selected
          >
            Velg aldersgruppe
          </option>
          <option value="kindergarten">
            3-5 år
          </option>
          <option value="kids">
            6-12 år
          </option>
          <option value="youth">
            13-20 år
          </option>
          <option value="adult">
            21 år og eldre
          </option>
        </select>
      </div>
    </form>
    <dialog data-modal="true">
      <form method="dialog">
        <button
          data-icon="true"
          data-variant="tertiary"
          type="submit"
          aria-label="Lukk dialogvindu"
          data-color="neutral"
          name="close"
        >
        </button>
      </form>
      <div>
        <h2 data-size="xs">
          Er du sikker på at du vil sende inn skjema?
        </h2>
      </div>
      <div>
        <button
          data-variant="primary"
          type="submit"
        >
          Send inn skjema
        </button>
        <button
          data-variant="secondary"
          type="button"
        >
          Avbryt
        </button>
      </div>
    </dialog>
    <nav aria-label="Sidenavigering">
      <ul>
        <li>
          <button
            aria-disabled="true"
            data-variant="tertiary"
            type="button"
          >
            Forrige
          </button>
        </li>
        <li>
          <button
            data-variant="primary"
            type="button"
            aria-current="page"
            aria-label="Side 1"
          >
            1
          </button>
        </li>
        <li>
          <button
            data-variant="tertiary"
            type="button"
            aria-label="Side 2"
          >
            2
          </button>
        </li>
        <li>
          <button
            data-variant="tertiary"
            type="button"
            aria-label="Side 3"
          >
            3
          </button>
        </li>
        <li>
          <button
            aria-disabled="false"
            data-variant="tertiary"
            type="button"
          >
            Neste
          </button>
        </li>
      </ul>
    </nav>
  </div>
</div>
`;
