// Vitest Snapshot v1, https://vitest.dev/guide/snapshot.html

exports[`Preview 1`] = `
<ds-pagination
  aria-label="Sidenavigering"
  role="navigation"
>
  <ul>
    <li>
      <button
        aria-label="Forrige side"
        data-variant="tertiary"
        variant="tertiary"
      >
        Forrige
      </button>
    </li>
    <li>
      <button
        aria-label="Side 1"
        data-variant="tertiary"
      >
        1
      </button>
    </li>
    <li>
      <button
        aria-current="true"
        aria-label="Side 2"
        data-variant="tertiary"
      >
        2
      </button>
    </li>
    <li>
      <button
        aria-label="Side 3"
        data-variant="tertiary"
      >
        3
      </button>
    </li>
    <li>
      <button
        aria-label="Side 4"
        data-variant="tertiary"
      >
        4
      </button>
    </li>
    <li>
      <button
        aria-label="Side 5"
        data-variant="tertiary"
      >
        5
      </button>
    </li>
    <li>
    </li>
    <li>
      <button
        aria-label="Side 10"
        data-variant="tertiary"
      >
        10
      </button>
    </li>
    <li>
      <button
        aria-label="Neste side"
        data-variant="tertiary"
        variant="tertiary"
      >
        Neste
      </button>
    </li>
  </ul>
</ds-pagination>
`;
