// Jest Snapshot v1, https://goo.gl/fbAQLP

exports[`Fieldset Preview smoke-test 1`] = `
<form>
  <fieldset>
    <legend data-weight="medium">
      Skriv inn dine svar
    </legend>
    <p data-variant="default">
      Gi en kort beskrivelse i begge feltene
    </p>
    <div>
      <label data-weight="medium"
             for="my-input"
      >
        Kort beskrivelse
      </label>
      <input type="text"
             id="my-input"
      >
    </div>
    <div>
      <label data-weight="medium"
             for="my-textarea"
      >
        Lang beskrivelse
      </label>
      <textarea id="my-textarea">
      </textarea>
    </div>
  </fieldset>
</form>
`;
