// Vitest Snapshot v1, https://vitest.dev/guide/snapshot.html

exports[`Page Story 1`] = `
<div
  data-color-scheme="light"
  data-size
>
  <h2>
    Velkommen!
  </h2>
  <p data-variant="default">
    På denne demosiden hvor vi har laget noen eksempler på komponentene i biblioteket, sånn at man kan se hvordan de samspiller i en litt større kontekst. På sikt vil alle komponentene være representert her, men så langt er det kun de vi har ansett som viktigst i første omgang. Lengre ned på siden kan du prøve å endre på størrelse og farge-modus for å se hvordan det påvirker komponentene.
  </p>
  <nav aria-label="Du er her:">
    <ol>
      <li>
        <a href="#">
          Nivå 1
        </a>
      </li>
      <li>
        <a href="#">
          Nivå 2
        </a>
      </li>
      <li>
        <a href="#">
          Nivå 3
        </a>
      </li>
      <li>
        <a
          href="#"
          aria-current="page"
        >
          Nivå 4
        </a>
      </li>
    </ol>
  </nav>
  <div>
    <div>
      <fieldset>
        <legend data-weight="medium">
          Handleliste
        </legend>
        <div>
          <input
            id="potet"
            type="checkbox"
            value="potet"
          >
          <label
            data-weight="regular"
            for="potet"
          >
            En kilo poteter
          </label>
        </div>
        <div>
          <input
            id="farris"
            type="checkbox"
            value="farris"
          >
          <label
            data-weight="regular"
            for="farris"
          >
            To liter Farris
          </label>
        </div>
        <div>
          <input
            id="blomkol"
            type="checkbox"
            value="blomkol"
            checked
          >
          <label
            data-weight="regular"
            for="blomkol"
          >
            Blomkål
          </label>
        </div>
        <div>
          <input
            id="pizza"
            type="checkbox"
            value="pizza"
            checked
          >
          <label
            data-weight="regular"
            for="pizza"
          >
            Pizza
          </label>
        </div>
        <div>
          <input
            id="melk"
            type="checkbox"
            value="melk"
            checked
          >
          <label
            data-weight="regular"
            for="melk"
          >
            Tre liter lettmelk
          </label>
        </div>
        <hr aria-hidden="true">
        <div>
          <input
            id="smagodt"
            type="checkbox"
            value="smagodt"
          >
          <label
            data-weight="regular"
            for="smagodt"
          >
            2kg smågodt
          </label>
        </div>
        <div>
          <input
            id="smash"
            type="checkbox"
            value="smash"
          >
          <label
            data-weight="regular"
            for="smash"
          >
            10 poser med Smash
          </label>
        </div>
      </fieldset>
    </div>
    <div>
      <h2>
        Opprett ny bruker
      </h2>
      <div>
        <label
          data-weight="medium"
          for="name"
        >
          Navn
        </label>
        <div>
          <input
            id="name"
            placeholder="Ola Normann"
            autocomplete="name"
            type="text"
          >
        </div>
      </div>
      <div>
        <label
          data-weight="medium"
          for="email"
        >
          E-post
        </label>
        <div>
          <input
            id="email"
            placeholder="ola@norge.no"
            autocomplete="email"
            type="email"
          >
        </div>
      </div>
      <a
        href="#"
        popovertarget="_r_0_"
        popovertargetaction="show"
        aria-describedby="_r_0_"
      >
        Glemt passord?
      </a>
      <span
        role="tooltip"
        id="_r_0_"
        popover="manual"
        style="opacity: 0;"
      >
        Trykk for å få hjelp
      </span>
      <button
        data-variant="primary"
        type="button"
      >
        Opprett ny bruker
      </button>
    </div>
    <div>
      <h2>
        Naviger frem og tilbake
      </h2>
      <div>
        <span>
          Side 1 av 8
        </span>
        <u-progress
          value="1"
          id=":u-progress1"
          aria-busy="false"
          aria-label="..."
          aria-valuemax="100"
          aria-valuemin="0"
          aria-valuenow="13"
          role="progressbar"
          max="8"
          aria-hidden="true"
          style="--percentage: 13%;"
        >
          <template shadowrootmode="open">
            <slot>
            </slot>
            <style>
              :host(:not([hidden])) { box-sizing: border-box; border: 1px solid; display: inline-block; height: .5em; width: 10em; overflow: hidden }
:host::before { content: ''; display: block; height: 100%; background: currentColor; width: var(--percentage, 0%); transition: width .2s }
:host(:not([value])) { background: linear-gradient(90deg,currentColor 25%, transparent 50%, currentColor 75%) 50%/400% }
@media (prefers-reduced-motion: no-preference) { :host { animation: indeterminate 2s linear infinite }  }
@keyframes indeterminate { from { background-position-x: 100% } to { background-position-x: 0 } }
            </style>
          </template>
        </u-progress>
      </div>
      <div>
        <button
          data-variant="secondary"
          type="button"
        >
          Neste
        </button>
      </div>
    </div>
    <div>
      <h2>
        Hva kan vi hjelpe deg med?
      </h2>
      <div>
        <div
          data-variant="tinted"
          data-color="accent"
        >
          <h2>
            Sikkerhet og drift
          </h2>
          <p data-variant="default">
            Most provide as with carried business are much better more the perfected designer. Writing slightly explain.
          </p>
        </div>
        <div
          data-variant="tinted"
          data-color="support1"
        >
          <h2>
            Skole og utdanning
          </h2>
          <p data-variant="default">
            Most provide as with carried business are much better more the perfected designer. Writing slightly explain.
          </p>
        </div>
        <div
          data-variant="tinted"
          data-color="support2"
        >
          <h2>
            Mat og helse
          </h2>
          <p data-variant="default">
            Most provide as with carried business are much better more the perfected designer. Writing slightly explain.
          </p>
        </div>
      </div>
    </div>
    <div>
      <h2>
        Alle brukere
      </h2>
      <div>
        <div>
          <select aria-label="Velg handling">
            <option value="blank">
              Velg handling
            </option>
            <option value="duplicate">
              Dupliser
            </option>
            <option value="delete">
              Slett
            </option>
            <option value="update">
              Oppdater
            </option>
          </select>
          <button
            data-variant="primary"
            type="button"
            popovertarget="_r_1_"
          >
            Utfør
          </button>
          <div
            id="_r_1_"
            popover="manual"
            data-variant="default"
          >
            Er du sikker på at du vil gjennomføre? Handlingen vil utføres på alle brukere.
            <div style="display: flex; gap: var(--ds-size-2); margin-top: var(--ds-size-2);">
              <button
                data-variant="primary"
                type="button"
                data-size="sm"
              >
                Ja, utfør
              </button>
              <button
                data-variant="tertiary"
                type="button"
                data-size="sm"
              >
                Avbryt
              </button>
            </div>
          </div>
        </div>
        <div>
          <input
            placeholder
            aria-label="Søk"
            type="search"
          >
          <button
            data-icon="true"
            data-variant="tertiary"
            type="reset"
            aria-label="Tøm"
          >
          </button>
          <button
            data-variant="primary"
            type="submit"
          >
            Søk
          </button>
        </div>
      </div>
      <div>
        <table>
          <thead>
            <tr>
              <th aria-sort="none">
                <button type="button">
                  Navn
                </button>
              </th>
              <th>
                Epost
              </th>
              <th aria-sort="none">
                <button type="button">
                  Telefon
                </button>
              </th>
              <th aria-sort="none">
                <button type="button">
                  Ansattnr
                </button>
              </th>
            </tr>
          </thead>
          <tbody>
            <tr>
              <td>
                Tom Bombadil
              </td>
              <td>
                tom.bombadill@post.no
              </td>
              <td>
                22345678
              </td>
              <td>
                0001
              </td>
            </tr>
            <tr>
              <td>
                Samvis Gamgod
              </td>
              <td>
                samvis.gamgod@post.no
              </td>
              <td>
                87654321
              </td>
              <td>
                0002
              </td>
            </tr>
            <tr>
              <td>
                Harry Goatleaf
              </td>
              <td>
                harry.goatleaf@post.no
              </td>
              <td>
                55654321
              </td>
              <td>
                0003
              </td>
            </tr>
            <tr>
              <td>
                Frodo Baggins
              </td>
              <td>
                frodo.baggins@post.no
              </td>
              <td>
                87904721
              </td>
              <td>
                0004
              </td>
            </tr>
            <tr>
              <td>
                Fréaláf Hildason
              </td>
              <td>
                frealaf.hildason@post.no
              </td>
              <td>
                09873940
              </td>
              <td>
                0005
              </td>
            </tr>
          </tbody>
        </table>
      </div>
    </div>
  </div>
</div>
`;
