// Vitest Snapshot v1, https://vitest.dev/guide/snapshot.html

exports[`Article Story 1`] = `
<div
  data-color-scheme="light"
  data-size="auto"
>
  <a href="#main-content">
    Hopp til hovedinnholdet
  </a>
  <header
    data-scroll-direction="up"
    data-top="true"
    style="--udsc-header-max-width: 80rem;"
  >
    <div>
      <a href="/">
        <div style="--uds-logo-padding: 0;">
          <img
            alt="Utdanningsdirektoratet"
            src="data:image/svg+xml,%3c?xml%20version=&#x27;1.0&#x27;%20encoding=&#x27;UTF-8&#x27;?%3e%3csvg%20id=&#x27;Layer_1&#x27;%20data-name=&#x27;Layer%201&#x27;%20xmlns=&#x27;http://www.w3.org/2000/svg&#x27;%20viewBox=&#x27;0%200%2024%2024&#x27;%3e%3cdefs%3e%3cstyle%3e%20.cls-1%20{%20fill:%20%23303030;%20}%20.cls-2%20{%20fill:%20%23fff;%20}%20.cls-3%20{%20fill:%20%2376c69d;%20}%20%3c/style%3e%3c/defs%3e%3ccircle%20class=&#x27;cls-3&#x27;%20cx=&#x27;12&#x27;%20cy=&#x27;12&#x27;%20r=&#x27;12&#x27;/%3e%3cg%3e%3cpath%20class=&#x27;cls-2&#x27;%20d=&#x27;M18.26,4.55v9.25c0,2.22-1.8,4.02-4.02,4.02-.4,0-.78-.06-1.14-.16.42-.64.67-1.4.67-2.22V6.18l4.49-1.63Z&#x27;/%3e%3cpath%20class=&#x27;cls-1&#x27;%20d=&#x27;M13.11,17.65c-.72,1.08-1.95,1.8-3.35,1.8-2.22,0-4.02-1.8-4.02-4.02V6.81l4.49-1.63v8.62c0,1.82,1.21,3.36,2.88,3.85Z&#x27;/%3e%3c/g%3e%3c/svg%3e"
          >
          <img
            alt="Utdanningsdirektoratet"
            src="data:image/svg+xml,%3c?xml%20version=&#x27;1.0&#x27;%20encoding=&#x27;UTF-8&#x27;?%3e%3csvg%20id=&#x27;Layer_1&#x27;%20data-name=&#x27;Layer%201&#x27;%20xmlns=&#x27;http://www.w3.org/2000/svg&#x27;%20viewBox=&#x27;0%200%2024%2024&#x27;%3e%3cdefs%3e%3cstyle%3e%20.cls-1%20{%20fill:%20%23303030;%20}%20.cls-2%20{%20fill:%20%23fff;%20}%20.cls-3%20{%20fill:%20%2376c69d;%20}%20%3c/style%3e%3c/defs%3e%3ccircle%20class=&#x27;cls-2&#x27;%20cx=&#x27;12&#x27;%20cy=&#x27;12&#x27;%20r=&#x27;12&#x27;/%3e%3cg%3e%3cpath%20class=&#x27;cls-3&#x27;%20d=&#x27;M18.26,4.55v9.25c0,2.22-1.8,4.02-4.02,4.02-.4,0-.78-.06-1.14-.16.42-.64.67-1.4.67-2.22V6.18l4.49-1.63Z&#x27;/%3e%3cpath%20class=&#x27;cls-1&#x27;%20d=&#x27;M13.11,17.65c-.72,1.08-1.95,1.8-3.35,1.8-2.22,0-4.02-1.8-4.02-4.02V6.81l4.49-1.63v8.62c0,1.82,1.21,3.36,2.88,3.85Z&#x27;/%3e%3c/g%3e%3c/svg%3e"
          >
        </div>
        <span data-size="xs">
          Artikkeldemo
        </span>
      </a>
      <div>
        <button
          data-variant="tertiary"
          type="button"
          popovertarget="uds-header-menu"
        >
          <svg
            xmlns="http://www.w3.org/2000/svg"
            width="1em"
            height="1em"
            fill="none"
            viewbox="0 0 24 24"
            focusable="false"
            role="img"
            aria-hidden="true"
          >
            <path
              fill="currentColor"
              fill-rule="evenodd"
              d="M2.75 6a.75.75 0 0 1 .75-.75h17a.75.75 0 0 1 0 1.5h-17A.75.75 0 0 1 2.75 6m0 6a.75.75 0 0 1 .75-.75h17a.75.75 0 0 1 0 1.5h-17a.75.75 0 0 1-.75-.75m.75 5.25a.75.75 0 0 0 0 1.5h17a.75.75 0 0 0 0-1.5z"
              clip-rule="evenodd"
            >
            </path>
          </svg>
          <svg
            xmlns="http://www.w3.org/2000/svg"
            width="1em"
            height="1em"
            fill="none"
            viewbox="0 0 24 24"
            focusable="false"
            role="img"
            aria-hidden="true"
          >
            <path
              fill="currentColor"
              d="M6.53 5.47a.75.75 0 0 0-1.06 1.06L10.94 12l-5.47 5.47a.75.75 0 1 0 1.06 1.06L12 13.06l5.47 5.47a.75.75 0 1 0 1.06-1.06L13.06 12l5.47-5.47a.75.75 0 0 0-1.06-1.06L12 10.94z"
            >
            </path>
          </svg>
          Meny
        </button>
        <div
          id="uds-header-menu"
          popover="auto"
          data-variant="default"
          style="padding: var(--udsc-header-padding);"
        >
          <nav aria-labelledby="header-menu-navigation">
            <h2 id="header-menu-navigation">
              Menynavigasjon
            </h2>
            <ul>
              <li>
                <a href="#">
                  <svg
                    xmlns="http://www.w3.org/2000/svg"
                    width="1em"
                    height="1em"
                    fill="none"
                    viewbox="0 0 24 24"
                    focusable="false"
                    role="img"
                    aria-hidden="true"
                  >
                    <path
                      fill="currentColor"
                      d="M14.088 6.873a.75.75 0 0 1 .942.097l4.5 4.5a.75.75 0 0 1 0 1.06l-4.5 4.5a.75.75 0 0 1-1.06-1.06l3.22-3.22H5a.75.75 0 0 1-.75-.74V12a.75.75 0 0 1 .75-.75h12.19l-3.22-3.22a.75.75 0 0 1 .118-1.157"
                    >
                    </path>
                  </svg>
                  Navigasjonslenke 1
                </a>
              </li>
              <li>
                <a href="#">
                  <svg
                    xmlns="http://www.w3.org/2000/svg"
                    width="1em"
                    height="1em"
                    fill="none"
                    viewbox="0 0 24 24"
                    focusable="false"
                    role="img"
                    aria-hidden="true"
                  >
                    <path
                      fill="currentColor"
                      d="M14.088 6.873a.75.75 0 0 1 .942.097l4.5 4.5a.75.75 0 0 1 0 1.06l-4.5 4.5a.75.75 0 0 1-1.06-1.06l3.22-3.22H5a.75.75 0 0 1-.75-.74V12a.75.75 0 0 1 .75-.75h12.19l-3.22-3.22a.75.75 0 0 1 .118-1.157"
                    >
                    </path>
                  </svg>
                  Navigasjonslenke 2
                </a>
              </li>
              <li>
                <a href="#">
                  <svg
                    xmlns="http://www.w3.org/2000/svg"
                    width="1em"
                    height="1em"
                    fill="none"
                    viewbox="0 0 24 24"
                    focusable="false"
                    role="img"
                    aria-hidden="true"
                  >
                    <path
                      fill="currentColor"
                      d="M14.088 6.873a.75.75 0 0 1 .942.097l4.5 4.5a.75.75 0 0 1 0 1.06l-4.5 4.5a.75.75 0 0 1-1.06-1.06l3.22-3.22H5a.75.75 0 0 1-.75-.74V12a.75.75 0 0 1 .75-.75h12.19l-3.22-3.22a.75.75 0 0 1 .118-1.157"
                    >
                    </path>
                  </svg>
                  Navigasjonslenke 3
                </a>
              </li>
              <li>
                <a href="#">
                  <svg
                    xmlns="http://www.w3.org/2000/svg"
                    width="1em"
                    height="1em"
                    fill="none"
                    viewbox="0 0 24 24"
                    focusable="false"
                    role="img"
                    aria-hidden="true"
                  >
                    <path
                      fill="currentColor"
                      d="M14.088 6.873a.75.75 0 0 1 .942.097l4.5 4.5a.75.75 0 0 1 0 1.06l-4.5 4.5a.75.75 0 0 1-1.06-1.06l3.22-3.22H5a.75.75 0 0 1-.75-.74V12a.75.75 0 0 1 .75-.75h12.19l-3.22-3.22a.75.75 0 0 1 .118-1.157"
                    >
                    </path>
                  </svg>
                  Navigasjonslenke 4
                </a>
              </li>
            </ul>
          </nav>
        </div>
      </div>
    </div>
  </header>
  <article>
    <nav aria-label="Du er her:">
      <a aria-label="Tilbake til mer informasjon">
        Mer informasjon
      </a>
      <ol>
        <li>
          <a href="https://www.udir.no/">
            Generell informasjon
          </a>
        </li>
        <li>
          <a href="https://www.udir.no/laring-og-trivsel/lareplanverket/">
            Mer informasjon
          </a>
        </li>
        <li>
          <a
            href="https://www.udir.no/laring-og-trivsel/lareplanverket/stotte/planleggingsverktoy-i-lareplanvisning/"
            aria-current="page"
          >
            Læreplanverket
          </a>
        </li>
      </ol>
    </nav>
    <div
      id="main-content"
      tabindex="-1"
    >
      <div data-color="info">
        Denne artikkelen er mer enn 2 år gammel
      </div>
      <div>
        <h1 data-size="md">
          Læreplanverket
        </h1>
        <a
          href="#"
          data-size="md"
        >
          <svg
            xmlns="http://www.w3.org/2000/svg"
            width="1em"
            height="1em"
            fill="none"
            viewbox="0 0 24 24"
            focusable="false"
            role="img"
            aria-hidden="true"
          >
            <path
              fill="currentColor"
              fill-rule="evenodd"
              d="M7 2.25a.75.75 0 0 0-.75.75v4.25H4A1.75 1.75 0 0 0 2.25 9v9c0 .414.336.75.75.75h3.25V21c0 .414.336.75.75.75h10a.75.75 0 0 0 .75-.75v-2.25H21a.75.75 0 0 0 .75-.75V9A1.75 1.75 0 0 0 20 7.25h-2.25V3a.75.75 0 0 0-.75-.75zM3.75 9A.25.25 0 0 1 4 8.75h16a.25.25 0 0 1 .25.25v8.25h-2.5V12a.75.75 0 0 0-.75-.75H7a.75.75 0 0 0-.75.75v5.25h-2.5zm12.5-1.75v-3.5h-8.5v3.5zm-8.5 5.5v7.5h8.5v-7.5zM9.25 15a.75.75 0 0 1 .75-.75h4a.75.75 0 0 1 0 1.5h-4a.75.75 0 0 1-.75-.75m0 3a.75.75 0 0 1 .75-.75h2.5a.75.75 0 0 1 0 1.5H10a.75.75 0 0 1-.75-.75"
              clip-rule="evenodd"
            >
            </path>
          </svg>
          <span>
            Skriv ut denne siden
          </span>
        </a>
      </div>
      <div data-variant="default">
        <u-details
          open
          data-variant="default"
          role="group"
        >
          <u-summary
            aria-expanded="true"
            role="button"
            slot="summary"
            tabindex="0"
          >
            Innhold på denne siden
          </u-summary>
          <div>
            <ol>
              <li>
                <a href="#how-to">
                  <svg
                    xmlns="http://www.w3.org/2000/svg"
                    width="1em"
                    height="1em"
                    fill="none"
                    viewbox="0 0 24 24"
                    focusable="false"
                    role="img"
                    aria-hidden="true"
                  >
                    <path
                      fill="currentColor"
                      d="M4.5 3.25a.75.75 0 0 1 .75.75v6c0 .69.56 1.25 1.25 1.25h10.69l-3.22-3.22a.75.75 0 1 1 1.06-1.06l4.5 4.5a.75.75 0 0 1 0 1.06l-4.5 4.5a.75.75 0 1 1-1.06-1.06l3.22-3.22H6.5A2.75 2.75 0 0 1 3.75 10V4a.75.75 0 0 1 .75-.75"
                    >
                    </path>
                  </svg>
                  <span>
                    Hvordan bruke verktøyet
                  </span>
                </a>
              </li>
              <li>
                <a href="#what-resources">
                  <svg
                    xmlns="http://www.w3.org/2000/svg"
                    width="1em"
                    height="1em"
                    fill="none"
                    viewbox="0 0 24 24"
                    focusable="false"
                    role="img"
                    aria-hidden="true"
                  >
                    <path
                      fill="currentColor"
                      d="M4.5 3.25a.75.75 0 0 1 .75.75v6c0 .69.56 1.25 1.25 1.25h10.69l-3.22-3.22a.75.75 0 1 1 1.06-1.06l4.5 4.5a.75.75 0 0 1 0 1.06l-4.5 4.5a.75.75 0 1 1-1.06-1.06l3.22-3.22H6.5A2.75 2.75 0 0 1 3.75 10V4a.75.75 0 0 1 .75-.75"
                    >
                    </path>
                  </svg>
                  <span>
                    Hvilke ressurser er tilgjengelige?
                  </span>
                </a>
              </li>
              <li>
                <a href="#involve-students">
                  <svg
                    xmlns="http://www.w3.org/2000/svg"
                    width="1em"
                    height="1em"
                    fill="none"
                    viewbox="0 0 24 24"
                    focusable="false"
                    role="img"
                    aria-hidden="true"
                  >
                    <path
                      fill="currentColor"
                      d="M4.5 3.25a.75.75 0 0 1 .75.75v6c0 .69.56 1.25 1.25 1.25h10.69l-3.22-3.22a.75.75 0 1 1 1.06-1.06l4.5 4.5a.75.75 0 0 1 0 1.06l-4.5 4.5a.75.75 0 1 1-1.06-1.06l3.22-3.22H6.5A2.75 2.75 0 0 1 3.75 10V4a.75.75 0 0 1 .75-.75"
                    >
                    </path>
                  </svg>
                  <span>
                    Hvordan involvere elever i planlegging?
                  </span>
                </a>
              </li>
              <li>
                <a href="#access">
                  <svg
                    xmlns="http://www.w3.org/2000/svg"
                    width="1em"
                    height="1em"
                    fill="none"
                    viewbox="0 0 24 24"
                    focusable="false"
                    role="img"
                    aria-hidden="true"
                  >
                    <path
                      fill="currentColor"
                      d="M4.5 3.25a.75.75 0 0 1 .75.75v6c0 .69.56 1.25 1.25 1.25h10.69l-3.22-3.22a.75.75 0 1 1 1.06-1.06l4.5 4.5a.75.75 0 0 1 0 1.06l-4.5 4.5a.75.75 0 1 1-1.06-1.06l3.22-3.22H6.5A2.75 2.75 0 0 1 3.75 10V4a.75.75 0 0 1 .75-.75"
                    >
                    </path>
                  </svg>
                  <span>
                    Tilgang
                  </span>
                </a>
              </li>
              <li>
                <a href="#teachers">
                  <svg
                    xmlns="http://www.w3.org/2000/svg"
                    width="1em"
                    height="1em"
                    fill="none"
                    viewbox="0 0 24 24"
                    focusable="false"
                    role="img"
                    aria-hidden="true"
                  >
                    <path
                      fill="currentColor"
                      d="M4.5 3.25a.75.75 0 0 1 .75.75v6c0 .69.56 1.25 1.25 1.25h10.69l-3.22-3.22a.75.75 0 1 1 1.06-1.06l4.5 4.5a.75.75 0 0 1 0 1.06l-4.5 4.5a.75.75 0 1 1-1.06-1.06l3.22-3.22H6.5A2.75 2.75 0 0 1 3.75 10V4a.75.75 0 0 1 .75-.75"
                    >
                    </path>
                  </svg>
                  <span>
                    Lærere
                  </span>
                </a>
              </li>
              <li>
                <a href="#students">
                  <svg
                    xmlns="http://www.w3.org/2000/svg"
                    width="1em"
                    height="1em"
                    fill="none"
                    viewbox="0 0 24 24"
                    focusable="false"
                    role="img"
                    aria-hidden="true"
                  >
                    <path
                      fill="currentColor"
                      d="M4.5 3.25a.75.75 0 0 1 .75.75v6c0 .69.56 1.25 1.25 1.25h10.69l-3.22-3.22a.75.75 0 1 1 1.06-1.06l4.5 4.5a.75.75 0 0 1 0 1.06l-4.5 4.5a.75.75 0 1 1-1.06-1.06l3.22-3.22H6.5A2.75 2.75 0 0 1 3.75 10V4a.75.75 0 0 1 .75-.75"
                    >
                    </path>
                  </svg>
                  <span>
                    Studenter
                  </span>
                </a>
              </li>
              <li>
                <a href="#it">
                  <svg
                    xmlns="http://www.w3.org/2000/svg"
                    width="1em"
                    height="1em"
                    fill="none"
                    viewbox="0 0 24 24"
                    focusable="false"
                    role="img"
                    aria-hidden="true"
                  >
                    <path
                      fill="currentColor"
                      d="M4.5 3.25a.75.75 0 0 1 .75.75v6c0 .69.56 1.25 1.25 1.25h10.69l-3.22-3.22a.75.75 0 1 1 1.06-1.06l4.5 4.5a.75.75 0 0 1 0 1.06l-4.5 4.5a.75.75 0 1 1-1.06-1.06l3.22-3.22H6.5A2.75 2.75 0 0 1 3.75 10V4a.75.75 0 0 1 .75-.75"
                    >
                    </path>
                  </svg>
                  <span>
                    IT-ansvarlige
                  </span>
                </a>
              </li>
              <li>
                <a href="#technical-questions">
                  <svg
                    xmlns="http://www.w3.org/2000/svg"
                    width="1em"
                    height="1em"
                    fill="none"
                    viewbox="0 0 24 24"
                    focusable="false"
                    role="img"
                    aria-hidden="true"
                  >
                    <path
                      fill="currentColor"
                      d="M4.5 3.25a.75.75 0 0 1 .75.75v6c0 .69.56 1.25 1.25 1.25h10.69l-3.22-3.22a.75.75 0 1 1 1.06-1.06l4.5 4.5a.75.75 0 0 1 0 1.06l-4.5 4.5a.75.75 0 1 1-1.06-1.06l3.22-3.22H6.5A2.75 2.75 0 0 1 3.75 10V4a.75.75 0 0 1 .75-.75"
                    >
                    </path>
                  </svg>
                  <span>
                    Tekniske spørsmål
                  </span>
                </a>
              </li>
            </ol>
          </div>
        </u-details>
      </div>
      <div
        data-variant="tinted"
        data-color="support2"
      >
        <h2 data-size="sm">
          Planleggingsverktøy
        </h2>
        <p data-variant="default">
          Planleggingsverktøyet gir støtte til å ta i bruk læreplanene.
        </p>
      </div>
      <section>
        <h2
          data-size="sm"
          id="how-to"
          tabindex="-1"
        >
          Hvordan bruke verktøyet
        </h2>
        <p data-variant="default">
          Verktøyet kan brukes til å jobbe med de didaktiske spørsmålene hvorfor, hva og hvordan i planlegging av opplæring i tråd med læreplanverket.
        </p>
        <h3
          data-size="xs"
          id="what-resources"
          tabindex="-1"
        >
          Hvilke ressurser er tilgjengelige?
        </h3>
        <p data-variant="default">
          Det finnes flere ressurser tilgjengelig for lærere som ønsker å forbedre sine planleggingsevner. Dette inkluderer maler, sjekklister og veiledninger som kan lastes ned fra vår nettside.
        </p>
        <h3
          data-size="xs"
          id="involve-students"
          tabindex="-1"
        >
          Hvordan involvere elever i planlegging?
        </h3>
        <p data-variant="default">
          Å involvere elever i planleggingen av egne læringsmål kan øke motivasjonen. Dette kan gjøres gjennom workshops og tilbakemeldingsrunder der elevenes stemmer blir hørt.
        </p>
      </section>
      <section>
        <h2
          data-size="sm"
          id="access"
          tabindex="-1"
        >
          Tilgang
        </h2>
        <p data-variant="default">
          Skoleeiere, høgskoler, universitet og lærebedrifter som ønsker at lærere og ansatte skal ha tilgang til verktøyet, må signere databehandleravtale.
        </p>
        <h3
          data-size="xs"
          id="teachers"
          tabindex="-1"
        >
          Lærere
        </h3>
        <p data-variant="default">
          Lærere som ønsker å bruke verktøyet til undervisning må registrere seg og bekrefte sin identitet.
        </p>
        <h3
          data-size="xs"
          id="students"
          tabindex="-1"
        >
          Studenter
        </h3>
        <p data-variant="default">
          Studenter får tilgang til verktøyet gjennom lærerne sine, etter at de har fått bekreftet sin påmelding.
        </p>
        <h3
          data-size="xs"
          id="it"
          tabindex="-1"
        >
          IT-ansvarlige
        </h3>
        <p data-variant="default">
          IT-ansvarlige i institusjoner må sørge for at nødvendig infrastruktur er på plass for at verktøyet skal fungere optimalt.
        </p>
      </section>
      <section>
        <h2
          data-size="sm"
          id="technical-questions"
          tabindex="-1"
        >
          Tekniske spørsmål
        </h2>
        <p data-variant="default">
          Har du tekniske spørsmål, så send en e-post til lpv@udir.no. Hvis du bytter Feide-bruker, så hjelper vi deg også med å koble planer du allerede har til din nye Feide-bruker.
        </p>
      </section>
      <div data-variant="default">
        <div>
          <h2 data-size="sm">
            Endringer i verktøyet
          </h2>
          <p data-variant="default">
            Vi går igjennom alle innspillene vi får, og med jevne mellomrom prioriterer vi hva vi gjør av endringer.
          </p>
        </div>
        <u-details
          data-variant="default"
          role="group"
        >
          <u-summary
            aria-expanded="false"
            role="button"
            slot="summary"
            tabindex="0"
          >
            Oversikt - 19.11.2022
          </u-summary>
          <div>
            Vi har lagt til en ny knapp hvor du får oversikt over hvilke deler av læreplanen du har brukt i planene dine.
          </div>
        </u-details>
        <u-details
          data-variant="default"
          role="group"
        >
          <u-summary
            aria-expanded="false"
            role="button"
            slot="summary"
            tabindex="0"
          >
            Tilgang for instruktører i bedrift - 09.11.2022
          </u-summary>
          <div>
            Vi har lagt til pålogging med ID-porten slik at også instruktører i bedrift kan bruke planleggingsverktøyet.
          </div>
        </u-details>
        <u-details
          data-variant="default"
          role="group"
        >
          <u-summary
            aria-expanded="false"
            role="button"
            slot="summary"
            tabindex="0"
          >
            Invitere til flere planer - 25.01.2022
          </u-summary>
          <div>
            Vi har fått innspill om at det er tungvindt å gå inn i en og en plan for å invitere samarbeidspartnere. Vi har lagt til mulighet for å invitere samarbeidspartnere til mange planer samtidig.
          </div>
        </u-details>
        <u-details
          data-variant="default"
          role="group"
        >
          <u-summary
            aria-expanded="false"
            role="button"
            slot="summary"
            tabindex="0"
          >
            Velge språk - 10.01.2022
          </u-summary>
          <div>
            Vi har lagt til funksjon for å velge språk slik at verktøyet er tilgjengelig på bokmål, nynorsk, nordsamisk, sørsamisk og lulesamisk. Det er mulig å velge språk på brukerinnstillinger og på hver enkelt plan.
          </div>
        </u-details>
        <u-details
          data-variant="default"
          role="group"
        >
          <u-summary
            aria-expanded="false"
            role="button"
            slot="summary"
            tabindex="0"
          >
            Overføring av planer når en bruker slettes - 22.06.2022
          </u-summary>
          <div>
            Tidligere var det slik at hvis en bruker slettet seg fra planleggingsverktøyet, så ble alle planene personen hadde opprettet også slettet. Vi fikk tilbakemelding om at dette var uheldig for samarbeidspartnerne. Vi har derfor endret dette. Nå er det slik: Den som har  opprettet en plan, har rollen som administrator. Hvis administrator av en plan slettes som bruker, blir ikke planen slettet hvis det er samarbeidspartnere på planen. Rollen som administrator blir overført til den samarbeidspartneren som står øverst på lista i planen. Samtykkeerklæringen er oppdatert i tråd med denne endringen. Det er fortsatt slik at både administrator og samarbeidspartnere kan endre en plan, men bare administrator kan slette den
          </div>
        </u-details>
      </div>
      <hr aria-hidden="true">
      <button
        data-variant="secondary"
        type="button"
      >
        Tilbake til toppen
      </button>
    </div>
  </article>
  <footer style="--udsc-footer-max-width: 80rem;">
    <div>
      <ul data-variant="simple">
        <li>
          <a href="https://www.udir.no/om-udir/personvernerklaring-udir/">
            Om Udir
          </a>
        </li>
        <li>
          <a href="https://www.udir.no/">
            Kontakt oss
          </a>
        </li>
      </ul>
      <ul data-variant="simple">
        <li>
          <a href="https://www.udir.no/om-udir/personvernerklaring-udir/">
            Personvern
          </a>
        </li>
        <li>
          <a href="https://www.udir.no/">
            Informasjonskapsler
          </a>
        </li>
        <li>
          <a href="https://uustatus.no/nb/erklaringer/publisert/ce43e104-3893-45ac-90c8-45deb6f17624">
            Tilgjengelighetserklæring
          </a>
        </li>
      </ul>
      <a href="https://udir.no">
        <div style="--uds-logo-padding: 0;">
          <img
            alt="Utdanningsdirektoratet"
            src="/assets/img/udir-main-logo.svg"
          >
          <img
            alt="Utdanningsdirektoratet"
            src="/assets/img/udir-main-logo-dark-mode.svg"
          >
        </div>
      </a>
    </div>
  </footer>
</div>
`;
