// Vitest Snapshot v1, https://vitest.dev/guide/snapshot.html

exports[`Preview 1`] = `
<button
  data-variant="primary"
  type="button"
  aria-haspopup="dialog"
>
  Open Modal
</button>
<dialog>
  <form method="dialog">
    <button
      data-icon="true"
      data-variant="tertiary"
      type="submit"
      aria-label="Lukk dialogvindu"
      data-color="neutral"
      name="close"
    >
    </button>
  </form>
  <h2>
    Modal header
  </h2>
  <p data-variant="default">
    Lorem ipsum dolor sit, amet consectetur adipisicing elit. Blanditiis doloremque obcaecati assumenda odio ducimus sunt et.
  </p>
  <p data-variant="default">
    Modal footer
  </p>
</dialog>
`;
