// Jest Snapshot v1, https://goo.gl/fbAQLP

exports[`Textfield Preview smoke-test 1`] = `
<div data-size="md"
     data-variant="default"
>
  <label for="textfield-:r0:">
    <span>
      Label
    </span>
  </label>
  <div>
    <input type="text"
           size="20"
           id="textfield-:r0:"
    >
  </div>
  <div id="textfield-error-:r0:"
       aria-live="polite"
       aria-relevant="additions removals"
  >
  </div>
</div>
`;
